// Jest Snapshot v1, https://goo.gl/fbAQLP

exports[`<Masonry /> Snapshot tests should render correctly 1`] = `
<div
  className="sc-bZQynM ghYVpU"
>
  <div
    className="card-columns"
  >
    <div
      className="card sc-EHOje bJcwWL text-text-left mb-3"
    >
      <div
        className="sc-bdVaJa cLhofW"
        onClick={[Function]}
      >
        <div
          className="sc-ifAKCX dNDTYw"
        />
        <svg
          aria-hidden="true"
          className="svg-inline--fa fa-check-circle fa-w-16 sc-bxivhb gbCqig"
          data-checked={false}
          data-icon="check-circle"
          data-mobile={false}
          data-prefix="fas"
          focusable="false"
          onClick={[Function]}
          role="img"
          style={Object {}}
          viewBox="0 0 512 512"
          xmlns="http://www.w3.org/2000/svg"
        >
          <path
            d="M504 256c0 136.967-111.033 248-248 248S8 392.967 8 256 119.033 8 256 8s248 111.033 248 248zM227.314 387.314l184-184c6.248-6.248 6.248-16.379 0-22.627l-22.627-22.627c-6.248-6.249-16.379-6.249-22.628 0L216 308.118l-70.059-70.059c-6.248-6.248-16.379-6.248-22.628 0l-22.627 22.627c-6.248 6.248-6.248 16.379 0 22.627l104 104c6.249 6.249 16.379 6.249 22.628.001z"
            fill="currentColor"
            style={Object {}}
          />
        </svg>
        <a
          className="sc-bwzfXH fbJkSt"
          data-mobile={false}
          href="gallery/image-001.jpg"
          onClick={[Function]}
          target="_blank"
          title="Open image in new tab"
        >
          <svg
            aria-hidden="true"
            className="svg-inline--fa fa-external-link-alt fa-w-18 "
            data-icon="external-link-alt"
            data-prefix="fas"
            focusable="false"
            role="img"
            style={Object {}}
            viewBox="0 0 576 512"
            xmlns="http://www.w3.org/2000/svg"
          >
            <path
              d="M576 24v127.984c0 21.461-25.96 31.98-40.971 16.971l-35.707-35.709-243.523 243.523c-9.373 9.373-24.568 9.373-33.941 0l-22.627-22.627c-9.373-9.373-9.373-24.569 0-33.941L442.756 76.676l-35.703-35.705C391.982 25.9 402.656 0 424.024 0H552c13.255 0 24 10.745 24 24zM407.029 270.794l-16 16A23.999 23.999 0 0 0 384 303.765V448H64V128h264a24.003 24.003 0 0 0 16.97-7.029l16-16C376.089 89.851 365.381 64 344 64H48C21.49 64 0 85.49 0 112v352c0 26.51 21.49 48 48 48h352c26.51 0 48-21.49 48-48V287.764c0-21.382-25.852-32.09-40.971-16.97z"
              fill="currentColor"
              style={Object {}}
            />
          </svg>
        </a>
        <div
          className="sc-htpNat ddGrH"
        >
          <span>
            <style>
               @-webkit-keyframes brsk-three-bounce { 0%, 80%, 100% { -webkit-transform: scale(0); } 40% { -webkit-transform: scale(1); } } @keyframes brsk-three-bounce { 0%, 80%, 100% { transform: scale(0); -webkit-transform: scale(0); } 40% { transform: scale(1); -webkit-transform: scale(1); } } 
            </style>
            <div
              style={
                Object {
                  "WebkitAnimationDelay": "-0.32s",
                  "WebkitAnimationDuration": "1.25s",
                  "WebkitAnimationIterationCount": "infinite",
                  "WebkitAnimationName": "brsk-three-bounce",
                  "WebkitAnimationTimingFunction": "ease-in-out",
                  "animationDelay": "-0.32s",
                  "animationDuration": "1.25s",
                  "animationIterationCount": "infinite",
                  "animationName": "brsk-three-bounce",
                  "animationTimingFunction": "ease-in-out",
                  "backgroundColor": "#fff",
                  "borderRadius": "100%",
                  "display": "inline-block",
                  "height": 7,
                  "marginRight": 5,
                  "width": 7,
                }
              }
            />
            <div
              style={
                Object {
                  "WebkitAnimationDelay": "-0.16s",
                  "WebkitAnimationDuration": "1.25s",
                  "WebkitAnimationIterationCount": "infinite",
                  "WebkitAnimationName": "brsk-three-bounce",
                  "WebkitAnimationTimingFunction": "ease-in-out",
                  "animationDelay": "-0.16s",
                  "animationDuration": "1.25s",
                  "animationIterationCount": "infinite",
                  "animationName": "brsk-three-bounce",
                  "animationTimingFunction": "ease-in-out",
                  "backgroundColor": "#fff",
                  "borderRadius": "100%",
                  "display": "inline-block",
                  "height": 7,
                  "marginRight": 5,
                  "width": 7,
                }
              }
            />
            <div
              style={
                Object {
                  "WebkitAnimationDuration": "1.25s",
                  "WebkitAnimationIterationCount": "infinite",
                  "WebkitAnimationName": "brsk-three-bounce",
                  "WebkitAnimationTimingFunction": "ease-in-out",
                  "animationDuration": "1.25s",
                  "animationIterationCount": "infinite",
                  "animationName": "brsk-three-bounce",
                  "animationTimingFunction": "ease-in-out",
                  "backgroundColor": "#fff",
                  "borderRadius": "100%",
                  "display": "inline-block",
                  "height": 7,
                  "width": 7,
                }
              }
            />
          </span>
        </div>
      </div>
    </div>
  </div>
</div>
`;
