// Jest Snapshot v1, https://goo.gl/fbAQLP

exports[`<Jumper /> Snapshot tests should render correctly 1`] = `
<div
  onClick={[Function]}
  style={
    Object {
      "bottom": 0,
      "cursor": "pointer",
      "left": 0,
      "opacity": 0,
      "position": "absolute",
      "right": 0,
      "transitionDelay": "0s",
      "transitionDuration": "0.2s",
      "transitionProperty": "opacity, visibility",
      "transitionTimingFunction": "linear",
      "visibility": "hidden",
    }
  }
>
  <div
    className="sc-bwzfXH dobsVM"
  >
    <svg
      aria-hidden="true"
      className="svg-inline--fa fa-arrow-up fa-w-14 sc-bdVaJa bRiyoa"
      data-icon="arrow-up"
      data-prefix="fas"
      focusable="false"
      role="img"
      style={Object {}}
      viewBox="0 0 448 512"
      xmlns="http://www.w3.org/2000/svg"
    >
      <path
        d="M34.9 289.5l-22.2-22.2c-9.4-9.4-9.4-24.6 0-33.9L207 39c9.4-9.4 24.6-9.4 33.9 0l194.3 194.3c9.4 9.4 9.4 24.6 0 33.9L413 289.4c-9.5 9.5-25 9.3-34.3-.4L264 168.6V456c0 13.3-10.7 24-24 24h-32c-13.3 0-24-10.7-24-24V168.6L69.2 289.1c-9.3 9.8-24.8 10-34.3.4z"
        fill="currentColor"
        style={Object {}}
      />
    </svg>
  </div>
</div>
`;
